:*Qt Creator.DoubleTabWidget_ProjectExplorer::Internal::DoubleTabWidget	{name='ProjectExplorer__Internal__DoubleTabWidget' type='ProjectExplorer::Internal::DoubleTabWidget' visible='1' window=':Qt Creator_Core::Internal::MainWindow' windowTitle='DoubleTabWidget'}
:New Qt Quick Application.Add to version control:_QLabel	{name='addToVersionControlLabel' text='Add to version control:' type='QLabel' visible='1'}
:Next_QPushButton	{name='__qt__passive_wizardbutton1' text~='(Next.*|Continue)' type='QPushButton' visible='1'}
:Qt Creator.Build Project_Core::Internal::FancyToolButton	{text='Build Project' type='Core::Internal::FancyToolButton' unnamed='1' visible='1' window=':Qt Creator_Core::Internal::MainWindow'}
:Qt Creator.Compile Output_Core::OutputWindow	{type='Core::OutputWindow' unnamed='1' visible='1' window=':Qt Creator_Core::Internal::MainWindow' windowTitle='Compile Output'}
:Qt Creator.Issues_QListView	{type='QListView' unnamed='1' visible='1' window=':Qt Creator_Core::Internal::MainWindow' windowTitle='Issues'}
:Qt Creator.Project.Menu.Project_QMenu	{name='Project.Menu.Project' type='QMenu' visible='1' window=':Qt Creator_Core::Internal::MainWindow'}
:Qt Creator.QtCreator.MenuBar_QMenuBar	{name='QtCreator.MenuBar' type='QMenuBar' visible='1' window=':Qt Creator_Core::Internal::MainWindow'}
:Qt Creator.scrollArea_QScrollArea	{name='scrollArea' type='QScrollArea' visible='1' window=':Qt Creator_Core::Internal::MainWindow'}
:Qt Creator_Core::Internal::IssuesPaneToggleButton	{type='Core::Internal::OutputPaneToggleButton' unnamed='1' visible='1' window=':Qt Creator_Core::Internal::MainWindow'}
:Qt Creator_Core::Internal::MainWindow	{type='Core::Internal::MainWindow' unnamed='1' visible='1'}
:Qt Creator_Core::Internal::OutputPaneToggleButton	{occurrence='4' type='Core::Internal::OutputPaneToggleButton' unnamed='1' visible='1' window=':Qt Creator_Core::Internal::MainWindow'}
:Qt Creator_CppEditor::Internal::CPPEditorWidget	{type='CppEditor::Internal::CPPEditorWidget' unnamed='1' visible='1' window=':Qt Creator_Core::Internal::MainWindow'}
:Qt Creator_QmlJSEditor::QmlJSTextEditorWidget	{type='QmlJSEditor::QmlJSTextEditorWidget' unnamed='1' visible='1' window=':Qt Creator_Core::Internal::MainWindow'}
:Qt Creator_Utils::NavigationTreeView	{type='Utils::NavigationTreeView' unnamed='1' visible='1' window=':Qt Creator_Core::Internal::MainWindow'}
:addToVersionControlComboBox_QComboBox	{buddy=':New Qt Quick Application.Add to version control:_QLabel' name='addToVersionControlComboBox' type='QComboBox' visible='1'}
:scrollArea.Edit build configuration:_QComboBox	{leftWidget=':scrollArea.Edit build configuration:_QLabel' type='QComboBox' unnamed='1' visible='1'}
:scrollArea.Edit build configuration:_QLabel	{text='Edit build configuration:' type='QLabel' unnamed='1' visible='1'}
