:Compile Output - Qt Creator_Core::Internal::OutputPaneToggleButton	{occurrence='4' type='Core::Internal::OutputPaneToggleButton' unnamed='1' visible='1' window=':Qt Creator_Core::Internal::MainWindow'}
:Issues - Qt Creator_Core::Internal::OutputPaneToggleButton	{occurrence='1' type='Core::Internal::OutputPaneToggleButton' unnamed='1' visible='1' window=':Qt Creator_Core::Internal::MainWindow'}
:Qt Creator.Compile Output_Core::OutputWindow	{type='Core::OutputWindow' unnamed='1' visible='1' window=':Qt Creator_Core::Internal::MainWindow' windowTitle='Compile Output'}
:Qt Creator.Issues_QListView	{type='QListView' unnamed='1' visible='1' window=':Qt Creator_Core::Internal::MainWindow' windowTitle='Issues'}
:Qt Creator.QtCreator.MenuBar_QMenuBar	{name='QtCreator.MenuBar' type='QMenuBar' visible='1' window=':Qt Creator_Core::Internal::MainWindow'}
:Qt Creator.scrollArea_QScrollArea	{name='scrollArea' type='QScrollArea' visible='1' window=':Qt Creator_Core::Internal::MainWindow'}
:Qt Creator_Core::Internal::MainWindow	{type='Core::Internal::MainWindow' unnamed='1' visible='1' windowTitle?='*Qt Creator'}
:Qt Creator_QmlJSEditor::QmlJSTextEditorWidget	{type='QmlJSEditor::QmlJSTextEditorWidget' unnamed='1' visible='1' window=':Qt Creator_Core::Internal::MainWindow'}
:Qt Creator_Utils::NavigationTreeView	{type='Utils::NavigationTreeView' unnamed='1' visible='1' window=':Qt Creator_Core::Internal::MainWindow'}
:scrollArea.Edit build configuration:_QComboBox	{container=':Qt Creator.scrollArea_QScrollArea' leftWidget=':scrollArea.Edit build configuration:_QLabel' type='QComboBox' unnamed='1' visible='1'}
:scrollArea.Edit build configuration:_QLabel	{container=':Qt Creator.scrollArea_QScrollArea' text='Edit build configuration:' type='QLabel' unnamed='1' visible='1'}
