:*Qt Creator.Clear_QToolButton	{text='Clear' type='QToolButton' unnamed='1' visible='1' window=':Qt Creator_Core::Internal::MainWindow'}
:Next_QPushButton	{text~='(Next.*|Continue)' type='QPushButton' visible='1'}
:Options.OK_QPushButton	{text='OK' type='QPushButton' unnamed='1' visible='1' window=':Options_Core::Internal::SettingsDialog'}
:Qt Creator.Compile Output_Core::OutputWindow	{type='Core::OutputWindow' unnamed='1' visible='1' window=':Qt Creator_Core::Internal::MainWindow' windowTitle='Compile Output'}
:Qt Creator.QtCreator.MenuBar_QMenuBar	{name='QtCreator.MenuBar' type='QMenuBar' visible='1' window=':Qt Creator_Core::Internal::MainWindow'}
:Qt Creator.ReRun_QToolButton	{toolTip='Re-run this run-configuration' type='QToolButton' unnamed='1' visible='1' window=':Qt Creator_Core::Internal::MainWindow'}
:Qt Creator.Stop_QToolButton	{text='Stop' type='QToolButton' unnamed='1' visible='1' window=':Qt Creator_Core::Internal::MainWindow'}
:Qt Creator.scrollArea_QScrollArea	{name='scrollArea' type='QScrollArea' visible='1' window=':Qt Creator_Core::Internal::MainWindow'}
:Qt Creator_AppOutput_Core::Internal::OutputPaneToggleButton	{occurrence='3' type='Core::Internal::OutputPaneToggleButton' unnamed='1' visible='1' window=':Qt Creator_Core::Internal::MainWindow'}
:Qt Creator_Core::Internal::MainWindow	{type='Core::Internal::MainWindow' unnamed='1' visible='1' windowTitle?='*Qt Creator'}
:Qt Gui Application.Form file:_QLabel	{name='formLabel' text='Form file:' type='QLabel' visible='1' window=':Qt Gui Application_Qt4ProjectManager::Internal::GuiAppWizardDialog'}
:Qt Gui Application.Header file:_QLabel	{name='headerLabel' text='Header file:' type='QLabel' visible='1' window=':Qt Gui Application_Qt4ProjectManager::Internal::GuiAppWizardDialog'}
:Qt Gui Application.Source file:_QLabel	{name='sourceLabel' text='Source file:' type='QLabel' visible='1' window=':Qt Gui Application_Qt4ProjectManager::Internal::GuiAppWizardDialog'}
:Qt Gui Application.scrollArea_QScrollArea	{name='scrollArea' type='QScrollArea' visible='1'}
:Qt Gui Application_Qt4ProjectManager::Internal::GuiAppWizardDialog	{type='Qt4ProjectManager::Internal::GuiAppWizardDialog' unnamed='1' visible='1' windowTitle='Qt Gui Application'}
:addToVersionControlComboBox_QComboBox	{name='addToVersionControlComboBox' type='QComboBox' visible='1'}
:formFileLineEdit_Utils::FileNameValidatingLineEdit	{buddy=':Qt Gui Application.Form file:_QLabel' name='formFileLineEdit' type='Utils::FileNameValidatingLineEdit' visible='1'}
:headerFileLineEdit_Utils::FileNameValidatingLineEdit	{buddy=':Qt Gui Application.Header file:_QLabel' name='headerFileLineEdit' type='Utils::FileNameValidatingLineEdit' visible='1'}
:scrollArea.Create Build Configurations:_QComboBox_2	{container=':Qt Gui Application.scrollArea_QScrollArea' leftWidget=':scrollArea.Create Build Configurations:_QLabel_2' type='QComboBox' unnamed='1' visible='1'}
:scrollArea.Create Build Configurations:_QLabel_2	{container=':Qt Gui Application.scrollArea_QScrollArea' text='Create build configurations:' type='QLabel' unnamed='1' visible='1'}
:scrollArea.Edit build configuration:_QComboBox	{container=':Qt Creator.scrollArea_QScrollArea' leftWidget=':scrollArea.Edit build configuration:_QLabel' type='QComboBox' unnamed='1' visible='1'}
:scrollArea.Edit build configuration:_QLabel	{container=':Qt Creator.scrollArea_QScrollArea' text='Edit build configuration:' type='QLabel' unnamed='1' visible='1'}
:scrollArea.Qt 4 for Desktop - (Qt SDK) debug_QCheckBox	{container=':Qt Gui Application.scrollArea_QScrollArea' occurence='1' text='Debug' type='QCheckBox' unnamed='1' visible='1'}
:scrollArea.Qt 4 for Desktop - (Qt SDK) release_QCheckBox	{container=':Qt Gui Application.scrollArea_QScrollArea' occurence='1' text='Release' type='QCheckBox' unnamed='1' visible='1'}
:scrollArea.Use Shadow Building_QCheckBox	{container=':Qt Gui Application.scrollArea_QScrollArea' text='Shadow build' type='QCheckBox' unnamed='1' visible='1'}
:sourceFileLineEdit_Utils::FileNameValidatingLineEdit	{buddy=':Qt Gui Application.Source file:_QLabel' name='sourceFileLineEdit' type='Utils::FileNameValidatingLineEdit' visible='1'}
