:*Qt Creator.Find_Find::Internal::FindToolBar	{name='Find__Internal__FindWidget' type='Find::Internal::FindToolBar' visible='1' window=':Qt Creator_Core::Internal::MainWindow' windowTitle='Find'}
:Behavior.Autocomplete common prefix_QCheckBox	{container=':CppTools__Internal__CompletionSettingsPage.Behavior_QGroupBox' name='partiallyComplete' text='Autocomplete common prefix' type='QCheckBox' visible='1'}
:Behavior.completionTrigger_QComboBox	{container=':CppTools__Internal__CompletionSettingsPage.Behavior_QGroupBox' name='completionTrigger' type='QComboBox' visible='1'}
:CppTools__Internal__CompletionSettingsPage.Behavior_QGroupBox	{container=':qt_tabwidget_stackedwidget.CppTools__Internal__CompletionSettingsPage_QWidget' name='groupBox' title='Behavior' type='QGroupBox' visible='1'}
:Next_QPushButton	{text~='(Next.*|Continue)' type='QPushButton' visible='1'}
:Options.OK_QPushButton	{text='OK' type='QPushButton' unnamed='1' visible='1' window=':Options_Core::Internal::SettingsDialog'}
:Options.qt_tabwidget_stackedwidget_QStackedWidget	{name='qt_tabwidget_stackedwidget' type='QStackedWidget' visible='1' window=':Options_Core::Internal::SettingsDialog'}
:Options.qt_tabwidget_tabbar_QTabBar	{name='qt_tabwidget_tabbar' type='QTabBar' visible='1' window=':Options_Core::Internal::SettingsDialog'}
:Options_Core::Internal::SettingsDialog	{type='Core::Internal::SettingsDialog' unnamed='1' visible='1' windowTitle~='(Options|Preferences)'}
:Options_QListView	{type='QListView' unnamed='1' visible='1' window=':Options_Core::Internal::SettingsDialog'}
:Qt Creator.CloseFind_QToolButton	{name='close' type='QToolButton' visible='1' window=':Qt Creator_Core::Internal::MainWindow'}
:Qt Creator.QtCreator.MenuBar_QMenuBar	{name='QtCreator.MenuBar' type='QMenuBar' visible='1' window=':Qt Creator_Core::Internal::MainWindow'}
:Qt Creator.Replace All_QToolButton	{name='replaceAllButton' text='Replace All' type='QToolButton' visible='1' window=':Qt Creator_Core::Internal::MainWindow'}
:Qt Creator.Replace_QToolButton	{name='replaceButton' text='Replace' type='QToolButton' visible='1' window=':Qt Creator_Core::Internal::MainWindow'}
:Qt Creator.findEdit_Utils::FilterLineEdit	{name='findEdit' type='Utils::FilterLineEdit' visible='1' window=':Qt Creator_Core::Internal::MainWindow'}
:Qt Creator.replaceEdit_Utils::FilterLineEdit	{name='replaceEdit' type='Utils::FilterLineEdit' visible='1' window=':Qt Creator_Core::Internal::MainWindow'}
:Qt Creator_Core::Internal::MainWindow	{type='Core::Internal::MainWindow' unnamed='1' visible='1' windowTitle?='*Qt Creator'}
:Qt Creator_CppEditor::Internal::CPPEditorWidget	{type='CppEditor::Internal::CPPEditorWidget' unnamed='1' visible='1' window=':Qt Creator_Core::Internal::MainWindow'}
:Qt Creator_SearchResult_Core::Internal::OutputPaneToggleButton	{occurrence='2' type='Core::Internal::OutputPaneToggleButton' unnamed='1' visible='1' window=':Qt Creator_Core::Internal::MainWindow'}
:Qt Creator_Utils::NavigationTreeView	{type='Utils::NavigationTreeView' unnamed='1' visible='1' window=':Qt Creator_Core::Internal::MainWindow'}
:addToVersionControlComboBox_QComboBox	{name='addToVersionControlComboBox' type='QComboBox' visible='1'}
:m_popupFrame_QListView	{container=':m_popupFrame_TextEditor::GenericProposalWidget' type='QListView' unnamed='1' visible='1'}
:m_popupFrame_TextEditor::GenericProposalWidget	{name='m_popupFrame' type='TextEditor::GenericProposalWidget' visible='1'}
:qt_tabwidget_stackedwidget.CppTools__Internal__CompletionSettingsPage_QWidget	{container=':Options.qt_tabwidget_stackedwidget_QStackedWidget' name='CppTools__Internal__CompletionSettingsPage' type='QWidget' visible='1'}
