:*Qt Creator.Continue_Core::Internal::FancyToolButton	{text='Continue' type='Core::Internal::FancyToolButton' unnamed='1' visible='1' window=':Qt Creator_Core::Internal::MainWindow'}
:*Qt Creator.DoubleTabWidget_ProjectExplorer::Internal::DoubleTabWidget	{name='ProjectExplorer__Internal__DoubleTabWidget' type='ProjectExplorer::Internal::DoubleTabWidget' visible='1' window=':Qt Creator_Core::Internal::MainWindow' windowTitle='DoubleTabWidget'}
:*Qt Creator.Interrupt_Core::Internal::FancyToolButton	{text='Interrupt' type='Core::Internal::FancyToolButton' unnamed='1' visible='1' window=':Qt Creator_Core::Internal::MainWindow'}
:*Qt Creator.Start Debugging_Core::Internal::FancyToolButton	{text='Start Debugging' type='Core::Internal::FancyToolButton' unnamed='1' visible='1' window=':Qt Creator_Core::Internal::MainWindow'}
:*Qt Creator.findEdit_Utils::FilterLineEdit	{name='findEdit' type='Utils::FilterLineEdit' visible='1' window=':Qt Creator_Core::Internal::MainWindow'}
:*Qt Creator_Core::Internal::FancyToolButton	{occurrence='3' type='Core::Internal::FancyToolButton' unnamed='1' visible='1' window=':Qt Creator_Core::Internal::MainWindow'}
:*Qt Creator_Utils::FilterLineEdit	{type='Utils::FilterLineEdit' unnamed='1' visible='1' window=':Qt Creator_Core::Internal::MainWindow'}
:*Qt Creator_Utils::IconButton	{occurrence='4' type='Utils::IconButton' unnamed='1' visible='1' window=':Qt Creator_Core::Internal::MainWindow'}
:Breakpoints_Debugger::Internal::BreakTreeView	{container=':DebugModeWidget.Breakpoints_QDockWidget' type='Debugger::Internal::BreakTreeView' unnamed='1' visible='1'}
:CMake Wizard.Cancel_QPushButton	{text='Cancel' type='QPushButton' unnamed='1' visible='1' window=':CMake Wizard_CMakeProjectManager::Internal::CMakeOpenProjectWizard'}
:CMake Wizard.Finish_QPushButton	{text~='(Finish|Done)' type='QPushButton' unnamed='1' visible='1' window=':CMake Wizard_CMakeProjectManager::Internal::CMakeOpenProjectWizard'}
:CMake Wizard.Generator:_QLabel	{text='Generator:' type='QLabel' unnamed='1' visible='1' window=':CMake Wizard_CMakeProjectManager::Internal::CMakeOpenProjectWizard'}
:CMake Wizard.Next_QPushButton	{name='__qt__passive_wizardbutton1' text~='(Next.*|Continue)' type='QPushButton' visible='1' window=':CMake Wizard_CMakeProjectManager::Internal::CMakeOpenProjectWizard'}
:CMake Wizard.Run CMake_QPushButton	{text='Run CMake' type='QPushButton' unnamed='1' visible='1' window=':CMake Wizard_CMakeProjectManager::Internal::CMakeOpenProjectWizard'}
:CMake Wizard_CMakeProjectManager::Internal::CMakeOpenProjectWizard	{type='CMakeProjectManager::Internal::CMakeOpenProjectWizard' unnamed='1' visible='1' windowTitle='CMake Wizard'}
:DebugModeWidget.Breakpoints_QDockWidget	{container=':Qt Creator.DebugModeWidget_QSplitter' name='Debugger.Docks.Break' type='QDockWidget' visible='1' windowTitle='Breakpoints'}
:DebugModeWidget.Debugger Log_QDockWidget	{container=':Qt Creator.DebugModeWidget_QSplitter' name='Debugger.Docks.Output' type='QDockWidget' visible='1' windowTitle='Debugger Log'}
:DebugModeWidget.Debugger Toolbar_QDockWidget	{container=':Qt Creator.DebugModeWidget_QSplitter' name='Debugger Toolbar' type='QDockWidget' visible='1' windowTitle='Debugger Toolbar'}
:DebugModeWidget.OK_QPushButton	{container=':Qt Creator.DebugModeWidget_QSplitter' text='OK' type='QPushButton' unnamed='1' visible='1'}
:Debugger Toolbar.Continue_QToolButton	{container=':DebugModeWidget.Debugger Toolbar_QDockWidget' text='Continue' type='QToolButton' unnamed='1' visible='1'}
:Debugger Toolbar.Exit Debugger_QToolButton	{container=':DebugModeWidget.Debugger Toolbar_QDockWidget' text='Stop Debugger' type='QToolButton' unnamed='1' visible='1'}
:Debugger Toolbar.StatusText_Utils::StatusLabel	{container=':DebugModeWidget.Debugger Toolbar_QDockWidget' type='Utils::StatusLabel' unnamed='1'}
:Edit Environment_ProjectExplorer::EnvironmentItemsDialog	{type='ProjectExplorer::EnvironmentItemsDialog' unnamed='1' visible='1' windowTitle='Edit Environment'}
:Failed to start application_QMessageBox	{type='QMessageBox' unnamed='1' visible='1' windowTitle='Failed to start application'}
:Generator:_QComboBox	{buddy=':CMake Wizard.Generator:_QLabel' type='QComboBox' unnamed='1' visible='1'}
:New.frame_QFrame	{name='frame' type='QFrame' visible='1' window=':New_Core::Internal::NewDialog'}
:New.templateCategoryView_QTreeView	{name='templateCategoryView' type='QTreeView' visible='1' window=':New_Core::Internal::NewDialog'}
:New_Core::Internal::NewDialog	{name='Core__Internal__NewDialog' type='Core::Internal::NewDialog' visible='1' windowTitle='New'}
:Next_QPushButton	{text~='(Next.*|Continue)' type='QPushButton' visible='1'}
:Options.Cancel_QPushButton	{text='Cancel' type='QPushButton' unnamed='1' visible='1' window=':Options_Core::Internal::SettingsDialog'}
:Options.OK_QPushButton	{text='OK' type='QPushButton' unnamed='1' visible='1' window=':Options_Core::Internal::SettingsDialog'}
:Options.qt_tabwidget_stackedwidget_QStackedWidget	{name='qt_tabwidget_stackedwidget' type='QStackedWidget' visible='1' window=':Options_Core::Internal::SettingsDialog'}
:Options.qt_tabwidget_tabbar_QTabBar	{name='qt_tabwidget_tabbar' type='QTabBar' visible='1' window=':Options_Core::Internal::SettingsDialog'}
:Options_Core::Internal::SettingsDialog	{type='Core::Internal::SettingsDialog' unnamed='1' visible='1' windowTitle~='(Options|Preferences)'}
:Options_QListView	{type='QListView' unnamed='1' visible='1' window=':Options_Core::Internal::SettingsDialog'}
:QML Debugging.No_QPushButton	{text='No' type='QPushButton' unnamed='1' visible='1' window=':QML Debugging_QMessageBox'}
:QML Debugging_QMessageBox	{type='QMessageBox' unnamed='1' visible='1' windowTitle='QML Debugging'}
:Qt Creator.DebugModeWidget_QSplitter	{name='DebugModeWidget' type='QSplitter' visible='1' window=':Qt Creator_Core::Internal::MainWindow'}
:Qt Creator.QtCreator.MenuBar_QMenuBar	{name='QtCreator.MenuBar' type='QMenuBar' visible='1' window=':Qt Creator_Core::Internal::MainWindow'}
:Qt Creator.ReRun_QToolButton	{toolTip='Re-run this run-configuration' type='QToolButton' unnamed='1' visible='1' window=':Qt Creator_Core::Internal::MainWindow'}
:Qt Creator.Stop_QToolButton	{text='Stop' type='QToolButton' unnamed='1' visible='1' window=':Qt Creator_Core::Internal::MainWindow'}
:Qt Creator.scrollArea_QScrollArea	{name='scrollArea' type='QScrollArea' visible='1' window=':Qt Creator_Core::Internal::MainWindow'}
:Qt Creator_AppOutput_Core::Internal::OutputPaneToggleButton	{occurrence='3' type='Core::Internal::OutputPaneToggleButton' unnamed='1' visible='1' window=':Qt Creator_Core::Internal::MainWindow'}
:Qt Creator_CloseButton	{type='CloseButton' unnamed='1' visible='1' window=':Qt Creator_Core::Internal::MainWindow'}
:Qt Creator_Core::Internal::MainWindow	{type='Core::Internal::MainWindow' visible='1' windowTitle?='*Qt Creator'}
:Qt Creator_CppEditor::Internal::CPPEditorWidget	{type='CppEditor::Internal::CPPEditorWidget' unnamed='1' visible='1' window=':Qt Creator_Core::Internal::MainWindow'}
:Qt Creator_QTableView	{type='QTableView' unnamed='1' visible='1' window=':Qt Creator_Core::Internal::MainWindow'}
:Qt Creator_SearchResult_Core::Internal::OutputPaneToggleButton	{occurrence='2' type='Core::Internal::OutputPaneToggleButton' unnamed='1' visible='1' window=':Qt Creator_Core::Internal::MainWindow'}
:Qt Creator_SystemSettings.Details_Utils::DetailsButton	{occurrence='4' text='Details' type='Utils::DetailsButton' unnamed='1' visible='1' window=':Qt Creator_Core::Internal::MainWindow'}
:Qt Creator_Utils::NavigationTreeView	{type='Utils::NavigationTreeView' unnamed='1' visible='1' window=':Qt Creator_Core::Internal::MainWindow'}
:Qt Gui Application.Form file:_QLabel	{name='formLabel' text='Form file:' type='QLabel' visible='1' window=':Qt Gui Application_Qt4ProjectManager::Internal::GuiAppWizardDialog'}
:Qt Gui Application.Header file:_QLabel	{name='headerLabel' text='Header file:' type='QLabel' visible='1' window=':Qt Gui Application_Qt4ProjectManager::Internal::GuiAppWizardDialog'}
:Qt Gui Application.Source file:_QLabel	{name='sourceLabel' text='Source file:' type='QLabel' visible='1' window=':Qt Gui Application_Qt4ProjectManager::Internal::GuiAppWizardDialog'}
:Qt Gui Application.scrollArea_QScrollArea	{name='scrollArea' type='QScrollArea' visible='1'}
:Qt Gui Application_Qt4ProjectManager::Internal::GuiAppWizardDialog	{type='Qt4ProjectManager::Internal::GuiAppWizardDialog' unnamed='1' visible='1' windowTitle='Qt Gui Application'}
:QtSupport__Internal__QtVersionManager.QLabel	{container=':qt_tabwidget_stackedwidget.QtSupport__Internal__QtVersionManager_QtSupport::Internal::QtOptionsPageWidget' type='QLabel' unnamed='1' visible='1'}
:QtSupport__Internal__QtVersionManager.qtdirList_QTreeWidget	{container=':qt_tabwidget_stackedwidget.QtSupport__Internal__QtVersionManager_QtSupport::Internal::QtOptionsPageWidget' name='qtdirList' type='QTreeWidget' visible='1'}
:Symbol Server_Utils::CheckableMessageBox	{type='Utils::CheckableMessageBox' unnamed='1' visible='1' windowTitle='Symbol Server'}
:addToVersionControlComboBox_QComboBox	{name='addToVersionControlComboBox' type='QComboBox' visible='1'}
:formFileLineEdit_Utils::FileNameValidatingLineEdit	{buddy=':Qt Gui Application.Form file:_QLabel' name='formFileLineEdit' type='Utils::FileNameValidatingLineEdit' visible='1'}
:frame.templateDescription_QTextBrowser	{container=':New.frame_QFrame' name='templateDescription' type='QTextBrowser' visible='1'}
:headerFileLineEdit_Utils::FileNameValidatingLineEdit	{buddy=':Qt Gui Application.Header file:_QLabel' name='headerFileLineEdit' type='Utils::FileNameValidatingLineEdit' visible='1'}
:qt_tabwidget_stackedwidget.QtSupport__Internal__QtVersionManager_QtSupport::Internal::QtOptionsPageWidget	{container=':Options.qt_tabwidget_stackedwidget_QStackedWidget' name='QtSupport__Internal__QtVersionManager' type='QtSupport::Internal::QtOptionsPageWidget' visible='1'}
:scrollArea.Create Build Configurations:_QComboBox_2	{container=':Qt Gui Application.scrollArea_QScrollArea' leftWidget=':scrollArea.Create Build Configurations:_QLabel_2' type='QComboBox' unnamed='1' visible='1'}
:scrollArea.Create Build Configurations:_QLabel_2	{container=':Qt Gui Application.scrollArea_QScrollArea' text='Create build configurations:' type='QLabel' unnamed='1' visible='1'}
:scrollArea.Details_Utils::DetailsButton	{container=':Qt Creator.scrollArea_QScrollArea' text='Details' type='Utils::DetailsButton' unnamed='1' visible='1'}
:scrollArea.Edit build configuration:_QComboBox	{leftWidget=':scrollArea.Edit build configuration:_QLabel' type='QComboBox' unnamed='1' visible='1'}
:scrollArea.Edit build configuration:_QLabel	{text='Edit build configuration:' type='QLabel' unnamed='1' visible='1'}
:scrollArea.Library not available_QLabel	{container=':Qt Creator.scrollArea_QScrollArea' name='qmlDebuggingWarningText' text?='Library not available*' type='QLabel' visible='1'}
:scrollArea.Qt 4 for Desktop - (Qt SDK) debug_QCheckBox	{container=':Qt Gui Application.scrollArea_QScrollArea' occurrence='1' text='Debug' type='QCheckBox' unnamed='1' visible='1'}
:scrollArea.Qt 4 for Desktop - (Qt SDK) release_QCheckBox	{container=':Qt Gui Application.scrollArea_QScrollArea' occurrence='1' text='Release' type='QCheckBox' unnamed='1' visible='1'}
:scrollArea.Use Shadow Building_QCheckBox	{container=':Qt Gui Application.scrollArea_QScrollArea' text='Shadow build' type='QCheckBox' unnamed='1' visible='1'}
:scrollArea.qmlDebuggingLibraryCheckBox_QCheckBox	{container=':Qt Gui Application.scrollArea_QScrollArea' name='qmlDebuggingLibraryCheckBox' type='QCheckBox' visible='1'}
:scrollArea_QTableView	{type='QTableView' unnamed='1' visible='1' window=':Qt Creator_Core::Internal::MainWindow'}
:sourceFileLineEdit_Utils::FileNameValidatingLineEdit	{buddy=':Qt Gui Application.Source file:_QLabel' name='sourceFileLineEdit' type='Utils::FileNameValidatingLineEdit' visible='1'}
