:*Qt Creator.Build Project_Core::Internal::FancyToolButton	{text='Build Project' type='Core::Internal::FancyToolButton' unnamed='1' visible='1' window=':Qt Creator_Core::Internal::MainWindow'}
:*Qt Creator.Clear_QToolButton	{text='Clear' type='QToolButton' unnamed='1' visible='1' window=':Qt Creator_Core::Internal::MainWindow'}
:*Qt Creator.Continue_Core::Internal::FancyToolButton	{text='Continue' type='Core::Internal::FancyToolButton' unnamed='1' visible='1' window=':Qt Creator_Core::Internal::MainWindow'}
:*Qt Creator.DoubleTabWidget_ProjectExplorer::Internal::DoubleTabWidget	{name='ProjectExplorer__Internal__DoubleTabWidget' type='ProjectExplorer::Internal::DoubleTabWidget' visible='1' window=':Qt Creator_Core::Internal::MainWindow' windowTitle='DoubleTabWidget'}
:*Qt Creator.Find_Find::Internal::FindToolBar	{name='Find__Internal__FindWidget' type='Find::Internal::FindToolBar' visible='1' window=':Qt Creator_Core::Internal::MainWindow' windowTitle='Find'}
:*Qt Creator.Interrupt_Core::Internal::FancyToolButton	{text='Interrupt' type='Core::Internal::FancyToolButton' unnamed='1' visible='1' window=':Qt Creator_Core::Internal::MainWindow'}
:*Qt Creator.Start Debugging_Core::Internal::FancyToolButton	{text='Start Debugging' type='Core::Internal::FancyToolButton' unnamed='1' visible='1' window=':Qt Creator_Core::Internal::MainWindow'}
:*Qt Creator.findEdit_Utils::FilterLineEdit	{name='findEdit' type='Utils::FilterLineEdit' visible='1' window=':Qt Creator_Core::Internal::MainWindow'}
:*Qt Creator_Core::Internal::FancyToolButton	{occurrence='3' type='Core::Internal::FancyToolButton' unnamed='1' visible='1' window=':Qt Creator_Core::Internal::MainWindow'}
:*Qt Creator_Help::Internal::HelpViewer	{type='Help::Internal::HelpViewer' unnamed='1' visible='1' window=':Qt Creator_Core::Internal::MainWindow'}
:*Qt Creator_Utils::FilterLineEdit	{type='Utils::FilterLineEdit' unnamed='1' visible='1' window=':Qt Creator_Core::Internal::MainWindow'}
:*Qt Creator_Utils::IconButton	{occurrence='4' type='Utils::IconButton' unnamed='1' visible='1' window=':Qt Creator_Core::Internal::MainWindow'}
:About Qt Creator_Core::Internal::VersionDialog	{type='Core::Internal::VersionDialog' unnamed='1' visible='1' windowTitle='About Qt Creator'}
:Add Bookmark.ExpandBookmarksList_QToolButton	{name='toolButton' text='+' type='QToolButton' visible='1' window=':Add Bookmark_BookmarkDialog'}
:Add Bookmark.New Folder_QPushButton	{name='newFolderButton' text='New Folder' type='QPushButton' visible='1' window=':Add Bookmark_BookmarkDialog'}
:Add Bookmark.OK_QPushButton	{text='OK' type='QPushButton' unnamed='1' visible='1' window=':Add Bookmark_BookmarkDialog'}
:Add Bookmark.treeView_QExpandingLineEdit	{container=':Add Bookmark.treeView_QTreeView' type='QExpandingLineEdit' unnamed='1' visible='1'}
:Add Bookmark.treeView_QTreeView	{name='treeView' type='QTreeView' visible='1' window=':Add Bookmark_BookmarkDialog'}
:Add Bookmark_BookmarkDialog	{name='BookmarkDialog' type='BookmarkDialog' visible='1' windowTitle='Add Bookmark'}
:Add to Version Control.No_QPushButton	{text='No' type='QPushButton' unnamed='1' visible='1' window=':Add to Version Control_QMessageBox'}
:Add to Version Control_QMessageBox	{type='QMessageBox' unnamed='1' visible='1' windowTitle='Add to Version Control'}
:Behavior.Autocomplete common prefix_QCheckBox	{container=':CppTools__Internal__CompletionSettingsPage.Behavior_QGroupBox' name='partiallyComplete' text='Autocomplete common prefix' type='QCheckBox' visible='1'}
:Behavior.completionTrigger_QComboBox	{container=':CppTools__Internal__CompletionSettingsPage.Behavior_QGroupBox' name='completionTrigger' type='QComboBox' visible='1'}
:Breakpoints_Debugger::Internal::BreakTreeView	{container=':DebugModeWidget.Breakpoints_QDockWidget' type='Debugger::Internal::BreakTreeView' unnamed='1' visible='1'}
:CMake Wizard.Cancel_QPushButton	{text='Cancel' type='QPushButton' unnamed='1' visible='1' window=':CMake Wizard_CMakeProjectManager::Internal::CMakeOpenProjectWizard'}
:CMake Wizard.Finish_QPushButton	{text~='(Finish|Done)' type='QPushButton' unnamed='1' visible='1' window=':CMake Wizard_CMakeProjectManager::Internal::CMakeOpenProjectWizard'}
:CMake Wizard.Generator:_QLabel	{text='Generator:' type='QLabel' unnamed='1' visible='1' window=':CMake Wizard_CMakeProjectManager::Internal::CMakeOpenProjectWizard'}
:CMake Wizard.Next_QPushButton	{name='__qt__passive_wizardbutton1' text~='(Next.*|Continue)' type='QPushButton' visible='1' window=':CMake Wizard_CMakeProjectManager::Internal::CMakeOpenProjectWizard'}
:CMake Wizard.Run CMake_QPushButton	{text='Run CMake' type='QPushButton' unnamed='1' visible='1' window=':CMake Wizard_CMakeProjectManager::Internal::CMakeOpenProjectWizard'}
:CMake Wizard_CMakeProjectManager::Internal::CMakeOpenProjectWizard	{type='CMakeProjectManager::Internal::CMakeOpenProjectWizard' unnamed='1' visible='1' windowTitle='CMake Wizard'}
:CompilerPath.Utils_BaseValidatingLineEdit	{container=':qt_tabwidget_stackedwidget_QWidget' name='LineEdit' type='Utils::BaseValidatingLineEdit' visible='1'}
:Core__Internal__GeneralSettings.User Interface_QGroupBox	{container=':qt_tabwidget_stackedwidget.Core__Internal__GeneralSettings_QWidget' name='interfaceBox' title='User Interface' type='QGroupBox' visible='1'}
:CppTools__Internal__CompletionSettingsPage.Behavior_QGroupBox	{container=':qt_tabwidget_stackedwidget.CppTools__Internal__CompletionSettingsPage_QWidget' name='groupBox' title='Behavior' type='QGroupBox' visible='1'}
:CreateProject_QStyleItem	{clip='false' container=':Qt Creator_QDeclarativeView' enabled='true' text='Create Project' type='LinkedText' unnamed='1' visible='true'}
:DebugModeWidget.Breakpoints_QDockWidget	{container=':Qt Creator.DebugModeWidget_QSplitter' name='Debugger.Docks.Break' type='QDockWidget' visible='1' windowTitle='Breakpoints'}
:DebugModeWidget.Debugger Log_QDockWidget	{container=':Qt Creator.DebugModeWidget_QSplitter' name='Debugger.Docks.Output' type='QDockWidget' visible='1' windowTitle='Debugger Log'}
:DebugModeWidget.Debugger Toolbar_QDockWidget	{container=':Qt Creator.DebugModeWidget_QSplitter' name='Debugger Toolbar' type='QDockWidget' visible='1' windowTitle='Debugger Toolbar'}
:DebugModeWidget.OK_QPushButton	{container=':Qt Creator.DebugModeWidget_QSplitter' text='OK' type='QPushButton' unnamed='1' visible='1'}
:Debugger Toolbar.Continue_QToolButton	{container=':DebugModeWidget.Debugger Toolbar_QDockWidget' text='Continue' type='QToolButton' unnamed='1' visible='1'}
:Debugger Toolbar.Exit Debugger_QToolButton	{container=':DebugModeWidget.Debugger Toolbar_QDockWidget' text='Stop Debugger' type='QToolButton' unnamed='1' visible='1'}
:Debugger Toolbar.StatusText_Utils::StatusLabel	{container=':DebugModeWidget.Debugger Toolbar_QDockWidget' type='Utils::StatusLabel' unnamed='1'}
:Dialog.OK_QPushButton	{text='OK' type='QPushButton' unnamed='1' visible='1' window=':Dialog_QmlJSEditor::Internal::ComponentNameDialog'}
:Dialog.componentNameEdit_QLineEdit	{name='componentNameEdit' type='Utils::ClassNameValidatingLineEdit' visible='1' window=':Dialog_QmlJSEditor::Internal::ComponentNameDialog'}
:Dialog_QmlJSEditor::Internal::ComponentNameDialog	{name='QmlJSEditor__Internal__ComponentNameDialog' type='QmlJSEditor::Internal::ComponentNameDialog' visible='1' windowTitle='Move Component into Separate File'}
:Edit Environment_ProjectExplorer::EnvironmentItemsDialog	{type='ProjectExplorer::EnvironmentItemsDialog' unnamed='1' visible='1' windowTitle='Edit Environment'}
:Failed to start application_QMessageBox	{type='QMessageBox' unnamed='1' visible='1' windowTitle='Failed to start application'}
:File has been removed.Close_QPushButton	{text='Close' type='QPushButton' unnamed='1' visible='1' window=':File has been removed_QMessageBox'}
:File has been removed.Save_QPushButton	{text='Save' type='QPushButton' unnamed='1' visible='1' window=':File has been removed_QMessageBox'}
:File has been removed_QMessageBox	{text?='The file * removed*. Do you want to save it under a different name, or close the editor?' type='QMessageBox' unnamed='1' visible='1'}
:Form.Startup_QGroupBox	{container=':qt_tabwidget_stackedwidget.Form_QWidget' name='startupGroupBox' title='Startup' type='QGroupBox' visible='1'}
:Generator:_QComboBox	{buddy=':CMake Wizard.Generator:_QLabel' type='QComboBox' unnamed='1' visible='1'}
:Hits_QCLuceneResultWidget	{aboveWidget=':Hits_QLabel' type='QCLuceneResultWidget' unnamed='1' visible='1' window=':Qt Creator_Core::Internal::MainWindow'}
:Hits_QLabel	{text~='\\\\d+ - \\\\d+ of \\\\d+ Hits' type='QLabel' unnamed='1' visible='1' window=':Qt Creator_Core::Internal::MainWindow'}
:Kits_Or_Compilers_QTreeView	{container=':qt_tabwidget_stackedwidget_QWidget' type='QTreeView' unnamed='1' visible='1'}
:Kits_QtVersion_QComboBox	{container=':qt_tabwidget_stackedwidget_QWidget' occurrence='4' type='QComboBox' unnamed='1' visible='1'}
:New.frame_QFrame	{name='frame' type='QFrame' visible='1' window=':New_Core::Internal::NewDialog'}
:New.templateCategoryView_QTreeView	{name='templateCategoryView' type='QTreeView' visible='1' window=':New_Core::Internal::NewDialog'}
:New_Core::Internal::NewDialog	{name='Core__Internal__NewDialog' type='Core::Internal::NewDialog' visible='1' windowTitle='New'}
:Next_QPushButton	{text~='(Next.*|Continue)' type='QPushButton' visible='1'}
:Open File.File name:_QLabel	{name='fileNameLabel' text='File name:' type='QLabel' visible='1' window=':Open File_QFileDialog'}
:Open File_QFileDialog	{name='QFileDialog' type='QFileDialog' visible='1' windowTitle='Open File'}
:OpenDocuments_Widget	{type='Core::Internal::OpenEditorsWidget' unnamed='1' visible='1' window=':Qt Creator_Core::Internal::MainWindow' windowTitle='Open Documents'}
:OpenProject_QStyleItem	{clip='false' container=':Qt Creator_QDeclarativeView' enabled='true' text='Open Project' type='LinkedText' unnamed='1' visible='true'}
:Options.Cancel_QPushButton	{text='Cancel' type='QPushButton' unnamed='1' visible='1' window=':Options_Core::Internal::SettingsDialog'}
:Options.OK_QPushButton	{text='OK' type='QPushButton' unnamed='1' visible='1' window=':Options_Core::Internal::SettingsDialog'}
:Options.qt_tabwidget_stackedwidget_QStackedWidget	{name='qt_tabwidget_stackedwidget' type='QStackedWidget' visible='1' window=':Options_Core::Internal::SettingsDialog'}
:Options.qt_tabwidget_tabbar_QTabBar	{name='qt_tabwidget_tabbar' type='QTabBar' visible='1' window=':Options_Core::Internal::SettingsDialog'}
:Options_Core::Internal::SettingsDialog	{type='Core::Internal::SettingsDialog' unnamed='1' visible='1' windowTitle~='(Options|Preferences)'}
:Options_QListView	{type='QListView' unnamed='1' visible='1' window=':Options_Core::Internal::SettingsDialog'}
:QML Debugging.No_QPushButton	{text='No' type='QPushButton' unnamed='1' visible='1' window=':QML Debugging_QMessageBox'}
:QML Debugging_QMessageBox	{type='QMessageBox' unnamed='1' visible='1' windowTitle='QML Debugging'}
:QWebPage	{type='QWebPage' unnamed='1'}
:Qt Creator.Add Bookmark_QToolButton	{text='Add Bookmark' type='QToolButton' unnamed='1' visible='1' window=':Qt Creator_Core::Internal::MainWindow'}
:Qt Creator.Analyzer Toolbar_QDockWidget	{name='Analyzer Toolbar' type='QDockWidget' visible='1' window=':Qt Creator_Core::Internal::MainWindow' windowTitle='Analyzer Toolbar'}
:Qt Creator.CloseFind_QToolButton	{name='close' type='QToolButton' visible='1' window=':Qt Creator_Core::Internal::MainWindow'}
:Qt Creator.Compile Output_Core::OutputWindow	{type='Core::OutputWindow' unnamed='1' visible='1' window=':Qt Creator_Core::Internal::MainWindow' windowTitle='Compile Output'}
:Qt Creator.DebugModeWidget_QSplitter	{name='DebugModeWidget' type='QSplitter' visible='1' window=':Qt Creator_Core::Internal::MainWindow'}
:Qt Creator.Go to Help Mode_QToolButton	{text='Go to Help Mode' type='QToolButton' unnamed='1' visible='1' window=':Qt Creator_Core::Internal::MainWindow'}
:Qt Creator.Help_Search for:_QLineEdit	{leftWidget=':Qt Creator.Search for:_QLabel' type='QLineEdit' unnamed='1' visible='1' window=':Qt Creator_Core::Internal::MainWindow'}
:Qt Creator.Issues_QListView	{type='QListView' unnamed='1' visible='1' window=':Qt Creator_Core::Internal::MainWindow' windowTitle='Issues'}
:Qt Creator.Project.Menu.Project_QMenu	{name='Project.Menu.Project' type='QMenu' visible='1' window=':Qt Creator_Core::Internal::MainWindow'}
:Qt Creator.QtCreator.MenuBar_QMenuBar	{name='QtCreator.MenuBar' type='QMenuBar' visible='1' window=':Qt Creator_Core::Internal::MainWindow'}
:Qt Creator.ReRun_QToolButton	{toolTip='Re-run this run-configuration' type='QToolButton' unnamed='1' visible='1' window=':Qt Creator_Core::Internal::MainWindow'}
:Qt Creator.Replace All_QToolButton	{name='replaceAllButton' text='Replace All' type='QToolButton' visible='1' window=':Qt Creator_Core::Internal::MainWindow'}
:Qt Creator.Replace_QToolButton	{name='replaceButton' text='Replace' type='QToolButton' visible='1' window=':Qt Creator_Core::Internal::MainWindow'}
:Qt Creator.Search for:_QLabel	{text='Search for:' type='QLabel' unnamed='1' visible='1' window=':Qt Creator_Core::Internal::MainWindow'}
:Qt Creator.Stop_QToolButton	{text='Stop' type='QToolButton' unnamed='1' visible='1' window=':Qt Creator_Core::Internal::MainWindow'}
:Qt Creator.replaceEdit_Utils::FilterLineEdit	{name='replaceEdit' type='Utils::FilterLineEdit' visible='1' window=':Qt Creator_Core::Internal::MainWindow'}
:Qt Creator.scrollArea_QScrollArea	{name='scrollArea' type='QScrollArea' visible='1' window=':Qt Creator_Core::Internal::MainWindow'}
:Qt Creator_AppOutput_Core::Internal::OutputPaneToggleButton	{occurrence='3' type='Core::Internal::OutputPaneToggleButton' unnamed='1' visible='1' window=':Qt Creator_Core::Internal::MainWindow'}
:Qt Creator_Bookmarks_TreeView	{type='TreeView' unnamed='1' visible='1' window=':Qt Creator_Core::Internal::MainWindow'}
:Qt Creator_CloseButton	{type='CloseButton' unnamed='1' visible='1' window=':Qt Creator_Core::Internal::MainWindow'}
:Qt Creator_CompileOutput_Core::Internal::OutputPaneToggleButton	{occurrence='4' type='Core::Internal::OutputPaneToggleButton' unnamed='1' visible='1' window=':Qt Creator_Core::Internal::MainWindow'}
:Qt Creator_Core::Internal::CommandComboBox	{type='Core::Internal::CommandComboBox' unnamed='1' visible='1' window=':Qt Creator_Core::Internal::MainWindow'}
:Qt Creator_Core::Internal::MainWindow	{type='Core::Internal::MainWindow' visible='1' windowTitle?='*Qt Creator'}
:Qt Creator_Core::Internal::NavComboBox	{type='Core::Internal::NavComboBox' unnamed='1' visible='1' window=':Qt Creator_Core::Internal::MainWindow'}
:Qt Creator_CppEditor::Internal::CPPEditorWidget	{type='CppEditor::Internal::CPPEditorWidget' unnamed='1' visible='1' window=':Qt Creator_Core::Internal::MainWindow'}
:Qt Creator_FilenameQComboBox	{type='QComboBox' unnamed='1' visible='1' window=':Qt Creator_Core::Internal::MainWindow'}
:Qt Creator_Find::Internal::SearchResultTreeView	{type='Find::Internal::SearchResultTreeView' unnamed='1' visible='1' window=':Qt Creator_Core::Internal::MainWindow'}
:Qt Creator_Help::Internal::HelpViewer	{type='Help::Internal::HelpViewer' unnamed='1' visible='1' window=':Qt Creator_Core::Internal::MainWindow'}
:Qt Creator_HelpSelector_QComboBox	{occurrence='3' type='QComboBox' unnamed='1' visible='1' window=':Qt Creator_Core::Internal::MainWindow'}
:Qt Creator_Issues_Core::Internal::OutputPaneToggleButton	{occurrence='1' type='Core::Internal::OutputPaneToggleButton' unnamed='1' visible='1' window=':Qt Creator_Core::Internal::MainWindow'}
:Qt Creator_ProFileEditorWidget	{type='Qt4ProjectManager::Internal::ProFileEditorWidget' unnamed='1' visible='1' window=':Qt Creator_Core::Internal::MainWindow'}
:Qt Creator_QDeclarativeView	{type='QDeclarativeView' unnamed='1' visible='1' window=':Qt Creator_Core::Internal::MainWindow'}
:Qt Creator_QHelpContentWidget	{type='QHelpContentWidget' unnamed='1' visible='1' window=':Qt Creator_Core::Internal::MainWindow'}
:Qt Creator_QTableView	{type='QTableView' unnamed='1' visible='1' window=':Qt Creator_Core::Internal::MainWindow'}
:Qt Creator_QmlJSEditor::Internal::QmlJSOutlineTreeView	{type='QmlJSEditor::Internal::QmlJSOutlineTreeView' unnamed='1' visible='1' window=':Qt Creator_Core::Internal::MainWindow'}
:Qt Creator_QmlJSEditor::QmlJSTextEditorWidget	{type='QmlJSEditor::QmlJSTextEditorWidget' unnamed='1' visible='1' window=':Qt Creator_Core::Internal::MainWindow'}
:Qt Creator_SearchResult_Core::Internal::OutputPaneToggleButton	{occurrence='2' type='Core::Internal::OutputPaneToggleButton' unnamed='1' visible='1' window=':Qt Creator_Core::Internal::MainWindow'}
:Qt Creator_SystemSettings.Details_Utils::DetailsButton	{occurrence='4' text='Details' type='Utils::DetailsButton' unnamed='1' visible='1' window=':Qt Creator_Core::Internal::MainWindow'}
:Qt Creator_Utils::NavigationTreeView	{type='Utils::NavigationTreeView' unnamed='1' visible='1' window=':Qt Creator_Core::Internal::MainWindow'}
:Qt Gui Application.Form file:_QLabel	{name='formLabel' text='Form file:' type='QLabel' visible='1' window=':Qt Gui Application_Qt4ProjectManager::Internal::GuiAppWizardDialog'}
:Qt Gui Application.Header file:_QLabel	{name='headerLabel' text='Header file:' type='QLabel' visible='1' window=':Qt Gui Application_Qt4ProjectManager::Internal::GuiAppWizardDialog'}
:Qt Gui Application.Source file:_QLabel	{name='sourceLabel' text='Source file:' type='QLabel' visible='1' window=':Qt Gui Application_Qt4ProjectManager::Internal::GuiAppWizardDialog'}
:Qt Gui Application_Qt4ProjectManager::Internal::GuiAppWizardDialog	{type='Qt4ProjectManager::Internal::GuiAppWizardDialog' unnamed='1' visible='1' windowTitle='Qt Gui Application'}
:QtSupport__Internal__QtVersionManager.QLabel	{container=':qt_tabwidget_stackedwidget.QtSupport__Internal__QtVersionManager_QtSupport::Internal::QtOptionsPageWidget' type='QLabel' unnamed='1' visible='1'}
:QtSupport__Internal__QtVersionManager.errorLabel.QLabel	{container=':qt_tabwidget_stackedwidget.QtSupport__Internal__QtVersionManager_QtSupport::Internal::QtOptionsPageWidget' name='errorLabel' type='QLabel' visible='1'}
:QtSupport__Internal__QtVersionManager.qmake_QLabel	{container=':qt_tabwidget_stackedwidget.QtSupport__Internal__QtVersionManager_QtSupport::Internal::QtOptionsPageWidget' name='qmakePath' type='QLabel' visible='1'}
:QtSupport__Internal__QtVersionManager.qtdirList_QTreeWidget	{container=':qt_tabwidget_stackedwidget.QtSupport__Internal__QtVersionManager_QtSupport::Internal::QtOptionsPageWidget' name='qtdirList' type='QTreeWidget' visible='1'}
:Restart required.OK_QPushButton	{text='OK' type='QPushButton' unnamed='1' visible='1' window=':Restart required_QMessageBox'}
:Restart required_QMessageBox	{text='The language change will take effect after a restart of Qt Creator.' type='QMessageBox' unnamed='1' visible='1'}
:Revert to Saved.Proceed_QPushButton	{text='Proceed' type='QPushButton' unnamed='1' visible='1' window=':Revert to Saved_QMessageBox'}
:Revert to Saved_QMessageBox	{text?='You will lose your current changes if you proceed reverting*' type='QMessageBox' unnamed='1' visible='1'}
:Startup.contextHelpComboBox_QComboBox	{container=':Form.Startup_QGroupBox' name='contextHelpComboBox' type='QComboBox' visible='1'}
:Symbol Server_Utils::CheckableMessageBox	{type='Utils::CheckableMessageBox' unnamed='1' visible='1' windowTitle='Symbol Server'}
:User Interface.languageBox_QComboBox	{container=':Core__Internal__GeneralSettings.User Interface_QGroupBox' name='languageBox' type='QComboBox' visible='1'}
:addToVersionControlComboBox_QComboBox	{name='addToVersionControlComboBox' type='QComboBox' visible='1'}
:fileNameEdit_QLineEdit	{buddy=':Open File.File name:_QLabel' name='fileNameEdit' type='QLineEdit' visible='1'}
:formFileLineEdit_Utils::FileNameValidatingLineEdit	{buddy=':Qt Gui Application.Form file:_QLabel' name='formFileLineEdit' type='Utils::FileNameValidatingLineEdit' visible='1'}
:frame.templateDescription_QTextBrowser	{container=':New.frame_QFrame' name='templateDescription' type='QTextBrowser' visible='1'}
:headerFileLineEdit_Utils::FileNameValidatingLineEdit	{buddy=':Qt Gui Application.Header file:_QLabel' name='headerFileLineEdit' type='Utils::FileNameValidatingLineEdit' visible='1'}
:popupFrame_Proposal_QListView	{container=':popupFrame_TextEditor::GenericProposalWidget' type='QListView' unnamed='1' visible='1'}
:popupFrame_TextEditor::GenericProposalWidget	{name='m_popupFrame' type='TextEditor::GenericProposalWidget' visible='1'}
:qmakeCallEdit	{container=':Qt Creator.scrollArea_QScrollArea' text?='<b>qmake:</b> qmake*' type='QLabel' unnamed='1' visible='1'}
:qt_tabwidget_stackedwidget.Core__Internal__GeneralSettings_QWidget	{container=':Options.qt_tabwidget_stackedwidget_QStackedWidget' name='Core__Internal__GeneralSettings' type='QWidget' visible='1'}
:qt_tabwidget_stackedwidget.CppTools__Internal__CompletionSettingsPage_QWidget	{container=':Options.qt_tabwidget_stackedwidget_QStackedWidget' name='CppTools__Internal__CompletionSettingsPage' type='QWidget' visible='1'}
:qt_tabwidget_stackedwidget.Form_QWidget	{container=':Options.qt_tabwidget_stackedwidget_QStackedWidget' name='Help__Internal__GeneralSettingsPage' type='QWidget' visible='1' windowTitle='Form'}
:qt_tabwidget_stackedwidget.QtSupport__Internal__QtVersionManager_QtSupport::Internal::QtOptionsPageWidget	{container=':Options.qt_tabwidget_stackedwidget_QStackedWidget' name='QtSupport__Internal__QtVersionManager' type='QtSupport::Internal::QtOptionsPageWidget' visible='1'}
:qt_tabwidget_stackedwidget_QWidget	{container=':Options.qt_tabwidget_stackedwidget_QStackedWidget' type='QWidget' unnamed='1' visible='1'}
:scrollArea.Details_Utils::DetailsButton	{text='Details' type='Utils::DetailsButton' unnamed='1' visible='1' window=':Qt Creator_Core::Internal::MainWindow'}
:scrollArea.Edit build configuration:_QComboBox	{leftWidget=':scrollArea.Edit build configuration:_QLabel' type='QComboBox' unnamed='1' visible='1'}
:scrollArea.Edit build configuration:_QLabel	{text='Edit build configuration:' type='QLabel' unnamed='1' visible='1'}
:scrollArea.Library not available_QLabel	{name='qmlDebuggingWarningText' text?='Library not available*' type='QLabel' visible='1' window=':Qt Creator_Core::Internal::MainWindow'}
:scrollArea.qmlDebuggingLibraryCheckBox_QCheckBox	{name='qmlDebuggingLibraryCheckBox' type='QCheckBox' visible='1' window=':Qt Creator_Core::Internal::MainWindow'}
:scrollArea_QTableView	{type='QTableView' unnamed='1' visible='1' window=':Qt Creator_Core::Internal::MainWindow'}
:sourceFileLineEdit_Utils::FileNameValidatingLineEdit	{buddy=':Qt Gui Application.Source file:_QLabel' name='sourceFileLineEdit' type='Utils::FileNameValidatingLineEdit' visible='1'}
